// Jest Snapshot v1, https://goo.gl/fbAQLP

exports[`it should render without crash 1`] = `
<div
  className="sc-bdnxRM kVsjvj"
>
  <div
    style={
      Object {
        "height": 100,
        "width": 100,
      }
    }
  >
    <span>
      hello
    </span>
  </div>
  <div
    className="sc-gtsrHT ikETXn"
  >
    <span>
      Coming soon
    </span>
  </div>
</div>
`;
